// Jest Snapshot v1, https://goo.gl/fbAQLP

exports[`renders and assert loading state 1`] = `
<RCTSafeAreaView
  emulateUnlessSupported={true}
  style={
    Object {
      "flex": 1,
    }
  }
>
  <View
    accessibilityRole="header"
    style={
      Array [
        Object {
          "marginHorizontal": 20,
        },
        Object {
          "marginVertical": 10,
        },
      ]
    }
  >
    <Text
      style={
        Array [
          Object {
            "fontSize": 45,
          },
          Object {
            "color": "rgb(28, 28, 30)",
          },
        ]
      }
    >
      Grab your
    </Text>
    <Text
      style={
        Array [
          Object {
            "fontSize": 45,
            "fontWeight": "bold",
          },
          Object {
            "color": "rgb(28, 28, 30)",
          },
        ]
      }
    >
      delicious meal!
    </Text>
  </View>
  <View
    accessibilityRole="search"
    accessible={true}
    collapsable={false}
    focusable={true}
    onBlur={[Function]}
    onClick={[Function]}
    onFocus={[Function]}
    onResponderGrant={[Function]}
    onResponderMove={[Function]}
    onResponderRelease={[Function]}
    onResponderTerminate={[Function]}
    onResponderTerminationRequest={[Function]}
    onStartShouldSetResponder={[Function]}
  >
    <View
      style={
        Object {
          "alignItems": "center",
          "backgroundColor": "#fff",
          "borderRadius": 30,
          "elevation": 3,
          "flexDirection": "row",
          "marginHorizontal": 20,
          "paddingHorizontal": 12,
          "shadowColor": "black",
          "shadowOffset": Object {
            "height": 5,
            "width": 5,
          },
          "shadowOpacity": 0.1,
        }
      }
    >
      <RNSVGSvgView
        accessibilityRole="image"
        align="xMidYMid"
        bbHeight={20}
        bbWidth={20}
        fill="#000"
        focusable={false}
        height={20}
        meetOrSlice={0}
        minX={0}
        minY={0}
        style={
          Array [
            Object {
              "backgroundColor": "transparent",
              "borderWidth": 0,
            },
            Object {
              "flex": 0,
              "height": 20,
              "width": 20,
            },
          ]
        }
        vbHeight={512}
        vbWidth={512}
        width={20}
      >
        <RNSVGGroup
          fill={4278190080}
          propList={
            Array [
              "fill",
            ]
          }
        >
          <RNSVGPath
            d="M500.3 443.7l-119.7-119.7c27.22-40.41 40.65-90.9 33.46-144.7C401.8 87.79 326.8 13.32 235.2 1.723C99.01-15.51-15.51 99.01 1.724 235.2c11.6 91.64 86.08 166.7 177.6 178.9c53.8 7.189 104.3-6.236 144.7-33.46l119.7 119.7c15.62 15.62 40.95 15.62 56.57 0C515.9 484.7 515.9 459.3 500.3 443.7zM79.1 208c0-70.58 57.42-128 128-128s128 57.42 128 128c0 70.58-57.42 128-128 128S79.1 278.6 79.1 208z"
          />
        </RNSVGGroup>
      </RNSVGSvgView>
      <Text
        accessibilityRole="text"
        style={
          Array [
            Object {
              "marginLeft": 15,
              "marginVertical": 15,
              "paddingRight": 10,
            },
            Object {
              "color": "black",
            },
          ]
        }
      >
        Atlanta, Georgia
      </Text>
    </View>
  </View>
  <Text
    style={
      Array [
        Array [
          Object {
            "fontSize": 20,
            "fontWeight": "bold",
          },
          Object {
            "marginTop": 10,
          },
          Object {
            "marginHorizontal": 20,
          },
        ],
        Object {
          "color": "rgb(28, 28, 30)",
        },
      ]
    }
  >
    Top Restaurants
  </Text>
  <RCTScrollView
    accessibilityRole="menu"
    data={
      Array [
        Object {
          "alias": "TST 1",
          "categories": Array [
            Object {
              "alias": "Burgers",
              "title": "burgers",
            },
            Object {
              "alias": "desserts",
              "title": "Desserts",
            },
          ],
          "id": "1",
          "image_url": "https://example.com",
          "is_closed": false,
          "location": Object {
            "address1": "",
            "address2": "",
            "address3": "",
            "city": "New York",
            "country": "United States",
            "state": "New York",
            "zip_code": "123",
          },
          "name": "Business 1",
          "phone": "81234567890",
          "price": "$$",
          "rating": 4.5,
          "review_count": 1252,
          "url": "https://example.com",
        },
        Object {
          "alias": "TST 2",
          "categories": Array [
            Object {
              "alias": "Pizza",
              "title": "pizza",
            },
            Object {
              "alias": "Steak",
              "title": "steak",
            },
          ],
          "id": "2",
          "image_url": "https://example.com",
          "is_closed": false,
          "location": Object {
            "address1": "",
            "address2": "",
            "address3": "",
            "city": "Austin",
            "country": "United States",
            "state": "Texas",
            "zip_code": "321",
          },
          "name": "Business 2",
          "phone": "81234567891",
          "price": "$$",
          "rating": 4.7,
          "review_count": 2052,
          "url": "https://example.com",
        },
      ]
    }
    getItem={[Function]}
    getItemCount={[Function]}
    keyExtractor={[Function]}
    onContentSizeChange={[Function]}
    onLayout={[Function]}
    onMomentumScrollBegin={[Function]}
    onMomentumScrollEnd={[Function]}
    onScroll={[Function]}
    onScrollBeginDrag={[Function]}
    onScrollEndDrag={[Function]}
    removeClippedSubviews={false}
    renderItem={[Function]}
    scrollEventThrottle={50}
    showsVerticalScrollIndicator={true}
    stickyHeaderIndices={Array []}
    style={
      Array [
        Object {
          "marginTop": 10,
        },
      ]
    }
    viewabilityConfigCallbackPairs={Array []}
  >
    <View>
      <View
        onLayout={[Function]}
        style={null}
      >
        <View
          accessibilityRole="menuitem"
          style={
            Array [
              Object {
                "backgroundColor": "rgb(255, 255, 255)",
              },
              Object {
                "borderRadius": 50,
                "height": 100,
                "overflow": "hidden",
              },
              Object {
                "elevation": 3,
                "shadowColor": "black",
                "shadowOffset": Object {
                  "height": 5,
                  "width": 5,
                },
                "shadowOpacity": 0.1,
              },
              Object {
                "marginHorizontal": 15,
              },
              Object {
                "marginBottom": 10,
              },
            ]
          }
        >
          <View
            accessible={true}
            collapsable={false}
            focusable={true}
            onBlur={[Function]}
            onClick={[Function]}
            onFocus={[Function]}
            onResponderGrant={[Function]}
            onResponderMove={[Function]}
            onResponderRelease={[Function]}
            onResponderTerminate={[Function]}
            onResponderTerminationRequest={[Function]}
            onStartShouldSetResponder={[Function]}
            style={
              Array [
                Object {
                  "alignItems": "center",
                  "flex": 1,
                  "flexDirection": "row",
                  "paddingHorizontal": 10,
                },
              ]
            }
          >
            <Image
              accessibilityRole="imagebutton"
              source={
                Object {
                  "uri": "https://example.com",
                }
              }
              style={
                Object {
                  "borderRadius": 40,
                  "height": 80,
                  "width": 80,
                }
              }
            />
            <View
              style={
                Object {
                  "flex": 1,
                  "justifyContent": "center",
                  "paddingLeft": 10,
                }
              }
            >
              <Text
                accessibilityRole="header"
                style={
                  Array [
                    Array [
                      Object {
                        "fontSize": 20,
                        "fontWeight": "bold",
                      },
                    ],
                    Object {
                      "color": "rgb(28, 28, 30)",
                    },
                  ]
                }
              >
                Business 1
              </Text>
              <View>
                <RCTScrollView
                  ListFooterComponent={null}
                  data={
                    Array [
                      1,
                      2,
                      3,
                      4,
                      5,
                    ]
                  }
                  getItem={[Function]}
                  getItemCount={[Function]}
                  horizontal={true}
                  keyExtractor={[Function]}
                  onContentSizeChange={[Function]}
                  onLayout={[Function]}
                  onMomentumScrollBegin={[Function]}
                  onMomentumScrollEnd={[Function]}
                  onScroll={[Function]}
                  onScrollBeginDrag={[Function]}
                  onScrollEndDrag={[Function]}
                  removeClippedSubviews={false}
                  renderItem={[Function]}
                  scrollEventThrottle={50}
                  stickyHeaderIndices={Array []}
                  style={
                    Array [
                      Object {
                        "marginVertical": 5,
                      },
                    ]
                  }
                  viewabilityConfigCallbackPairs={Array []}
                >
                  <View>
                    <View
                      onLayout={[Function]}
                      style={
                        Array [
                          Object {
                            "flexDirection": "row",
                          },
                          null,
                        ]
                      }
                    >
                      <View
                        style={
                          Object {
                            "marginRight": 5,
                          }
                        }
                      >
                        <RNSVGSvgView
                          accessibilityRole="image"
                          align="xMidYMid"
                          bbHeight={16}
                          bbWidth={16}
                          fill="#c3f229"
                          focusable={false}
                          height={16}
                          meetOrSlice={0}
                          minX={0}
                          minY={0}
                          style={
                            Array [
                              Object {
                                "backgroundColor": "transparent",
                                "borderWidth": 0,
                              },
                              Object {
                                "flex": 0,
                                "height": 16,
                                "width": 16,
                              },
                            ]
                          }
                          vbHeight={512}
                          vbWidth={576}
                          width={16}
                        >
                          <RNSVGGroup
                            fill={4291031593}
                            propList={
                              Array [
                                "fill",
                              ]
                            }
                          >
                            <RNSVGPath
                              d="M381.2 150.3L524.9 171.5C536.8 173.2 546.8 181.6 550.6 193.1C554.4 204.7 551.3 217.3 542.7 225.9L438.5 328.1L463.1 474.7C465.1 486.7 460.2 498.9 450.2 506C440.3 513.1 427.2 514 416.5 508.3L288.1 439.8L159.8 508.3C149 514 135.9 513.1 126 506C116.1 498.9 111.1 486.7 113.2 474.7L137.8 328.1L33.58 225.9C24.97 217.3 21.91 204.7 25.69 193.1C29.46 181.6 39.43 173.2 51.42 171.5L195 150.3L259.4 17.97C264.7 6.954 275.9-.0391 288.1-.0391C300.4-.0391 311.6 6.954 316.9 17.97L381.2 150.3z"
                            />
                          </RNSVGGroup>
                        </RNSVGSvgView>
                      </View>
                    </View>
                    <View
                      onLayout={[Function]}
                      style={
                        Array [
                          Object {
                            "flexDirection": "row",
                          },
                          null,
                        ]
                      }
                    >
                      <View
                        style={
                          Object {
                            "marginRight": 5,
                          }
                        }
                      >
                        <RNSVGSvgView
                          accessibilityRole="image"
                          align="xMidYMid"
                          bbHeight={16}
                          bbWidth={16}
                          fill="#c3f229"
                          focusable={false}
                          height={16}
                          meetOrSlice={0}
                          minX={0}
                          minY={0}
                          style={
                            Array [
                              Object {
                                "backgroundColor": "transparent",
                                "borderWidth": 0,
                              },
                              Object {
                                "flex": 0,
                                "height": 16,
                                "width": 16,
                              },
                            ]
                          }
                          vbHeight={512}
                          vbWidth={576}
                          width={16}
                        >
                          <RNSVGGroup
                            fill={4291031593}
                            propList={
                              Array [
                                "fill",
                              ]
                            }
                          >
                            <RNSVGPath
                              d="M381.2 150.3L524.9 171.5C536.8 173.2 546.8 181.6 550.6 193.1C554.4 204.7 551.3 217.3 542.7 225.9L438.5 328.1L463.1 474.7C465.1 486.7 460.2 498.9 450.2 506C440.3 513.1 427.2 514 416.5 508.3L288.1 439.8L159.8 508.3C149 514 135.9 513.1 126 506C116.1 498.9 111.1 486.7 113.2 474.7L137.8 328.1L33.58 225.9C24.97 217.3 21.91 204.7 25.69 193.1C29.46 181.6 39.43 173.2 51.42 171.5L195 150.3L259.4 17.97C264.7 6.954 275.9-.0391 288.1-.0391C300.4-.0391 311.6 6.954 316.9 17.97L381.2 150.3z"
                            />
                          </RNSVGGroup>
                        </RNSVGSvgView>
                      </View>
                    </View>
                    <View
                      onLayout={[Function]}
                      style={
                        Array [
                          Object {
                            "flexDirection": "row",
                          },
                          null,
                        ]
                      }
                    >
                      <View
                        style={
                          Object {
                            "marginRight": 5,
                          }
                        }
                      >
                        <RNSVGSvgView
                          accessibilityRole="image"
                          align="xMidYMid"
                          bbHeight={16}
                          bbWidth={16}
                          fill="#c3f229"
                          focusable={false}
                          height={16}
                          meetOrSlice={0}
                          minX={0}
                          minY={0}
                          style={
                            Array [
                              Object {
                                "backgroundColor": "transparent",
                                "borderWidth": 0,
                              },
                              Object {
                                "flex": 0,
                                "height": 16,
                                "width": 16,
                              },
                            ]
                          }
                          vbHeight={512}
                          vbWidth={576}
                          width={16}
                        >
                          <RNSVGGroup
                            fill={4291031593}
                            propList={
                              Array [
                                "fill",
                              ]
                            }
                          >
                            <RNSVGPath
                              d="M381.2 150.3L524.9 171.5C536.8 173.2 546.8 181.6 550.6 193.1C554.4 204.7 551.3 217.3 542.7 225.9L438.5 328.1L463.1 474.7C465.1 486.7 460.2 498.9 450.2 506C440.3 513.1 427.2 514 416.5 508.3L288.1 439.8L159.8 508.3C149 514 135.9 513.1 126 506C116.1 498.9 111.1 486.7 113.2 474.7L137.8 328.1L33.58 225.9C24.97 217.3 21.91 204.7 25.69 193.1C29.46 181.6 39.43 173.2 51.42 171.5L195 150.3L259.4 17.97C264.7 6.954 275.9-.0391 288.1-.0391C300.4-.0391 311.6 6.954 316.9 17.97L381.2 150.3z"
                            />
                          </RNSVGGroup>
                        </RNSVGSvgView>
                      </View>
                    </View>
                    <View
                      onLayout={[Function]}
                      style={
                        Array [
                          Object {
                            "flexDirection": "row",
                          },
                          null,
                        ]
                      }
                    >
                      <View
                        style={
                          Object {
                            "marginRight": 5,
                          }
                        }
                      >
                        <RNSVGSvgView
                          accessibilityRole="image"
                          align="xMidYMid"
                          bbHeight={16}
                          bbWidth={16}
                          fill="#c3f229"
                          focusable={false}
                          height={16}
                          meetOrSlice={0}
                          minX={0}
                          minY={0}
                          style={
                            Array [
                              Object {
                                "backgroundColor": "transparent",
                                "borderWidth": 0,
                              },
                              Object {
                                "flex": 0,
                                "height": 16,
                                "width": 16,
                              },
                            ]
                          }
                          vbHeight={512}
                          vbWidth={576}
                          width={16}
                        >
                          <RNSVGGroup
                            fill={4291031593}
                            propList={
                              Array [
                                "fill",
                              ]
                            }
                          >
                            <RNSVGPath
                              d="M381.2 150.3L524.9 171.5C536.8 173.2 546.8 181.6 550.6 193.1C554.4 204.7 551.3 217.3 542.7 225.9L438.5 328.1L463.1 474.7C465.1 486.7 460.2 498.9 450.2 506C440.3 513.1 427.2 514 416.5 508.3L288.1 439.8L159.8 508.3C149 514 135.9 513.1 126 506C116.1 498.9 111.1 486.7 113.2 474.7L137.8 328.1L33.58 225.9C24.97 217.3 21.91 204.7 25.69 193.1C29.46 181.6 39.43 173.2 51.42 171.5L195 150.3L259.4 17.97C264.7 6.954 275.9-.0391 288.1-.0391C300.4-.0391 311.6 6.954 316.9 17.97L381.2 150.3z"
                            />
                          </RNSVGGroup>
                        </RNSVGSvgView>
                      </View>
                    </View>
                    <View
                      onLayout={[Function]}
                      style={
                        Array [
                          Object {
                            "flexDirection": "row",
                          },
                          null,
                        ]
                      }
                    >
                      <View
                        style={
                          Object {
                            "marginRight": 5,
                          }
                        }
                      >
                        <RNSVGSvgView
                          accessibilityRole="image"
                          align="xMidYMid"
                          bbHeight={16}
                          bbWidth={16}
                          fill="#c3f229"
                          focusable={false}
                          height={16}
                          meetOrSlice={0}
                          minX={0}
                          minY={0}
                          style={
                            Array [
                              Object {
                                "backgroundColor": "transparent",
                                "borderWidth": 0,
                              },
                              Object {
                                "flex": 0,
                                "height": 16,
                                "width": 16,
                              },
                            ]
                          }
                          vbHeight={512}
                          vbWidth={576}
                          width={16}
                        >
                          <RNSVGGroup
                            fill={4291031593}
                            propList={
                              Array [
                                "fill",
                              ]
                            }
                          >
                            <RNSVGPath
                              d="M463.1 474.7C465.1 486.7 460.2 498.9 450.2 506C440.3 513.1 427.2 514 416.5 508.3L288.1 439.8L159.8 508.3C149 514 135.9 513.1 126 506C116.1 498.9 111.1 486.7 113.2 474.7L137.8 328.1L33.58 225.9C24.97 217.3 21.91 204.7 25.69 193.1C29.46 181.6 39.43 173.2 51.42 171.5L195 150.3L259.4 17.97C264.7 6.954 275.9-.0391 288.1-.0391C300.4-.0391 311.6 6.954 316.9 17.97L381.2 150.3L524.9 171.5C536.8 173.2 546.8 181.6 550.6 193.1C554.4 204.7 551.3 217.3 542.7 225.9L438.5 328.1L463.1 474.7zM288 376.4L288.1 376.3L399.7 435.9L378.4 309.6L469.2 219.8L343.8 201.4L288.1 86.85L288 87.14V376.4z"
                            />
                          </RNSVGGroup>
                        </RNSVGSvgView>
                      </View>
                    </View>
                  </View>
                </RCTScrollView>
              </View>
              <Text
                accessibilityRole="text"
                color="#ba8f02"
                darkModeColor="rgb(200, 200, 200)"
                style={
                  Array [
                    Object {
                      "fontSize": 14,
                    },
                    Object {
                      "color": "#ba8f02",
                    },
                  ]
                }
              >
                $$
              </Text>
            </View>
          </View>
        </View>
      </View>
      <View
        onLayout={[Function]}
        style={null}
      >
        <View
          accessibilityRole="menuitem"
          style={
            Array [
              Object {
                "backgroundColor": "rgb(255, 255, 255)",
              },
              Object {
                "borderRadius": 50,
                "height": 100,
                "overflow": "hidden",
              },
              Object {
                "elevation": 3,
                "shadowColor": "black",
                "shadowOffset": Object {
                  "height": 5,
                  "width": 5,
                },
                "shadowOpacity": 0.1,
              },
              Object {
                "marginHorizontal": 15,
              },
              Object {
                "marginBottom": 10,
              },
            ]
          }
        >
          <View
            accessible={true}
            collapsable={false}
            focusable={true}
            onBlur={[Function]}
            onClick={[Function]}
            onFocus={[Function]}
            onResponderGrant={[Function]}
            onResponderMove={[Function]}
            onResponderRelease={[Function]}
            onResponderTerminate={[Function]}
            onResponderTerminationRequest={[Function]}
            onStartShouldSetResponder={[Function]}
            style={
              Array [
                Object {
                  "alignItems": "center",
                  "flex": 1,
                  "flexDirection": "row",
                  "paddingHorizontal": 10,
                },
              ]
            }
          >
            <Image
              accessibilityRole="imagebutton"
              source={
                Object {
                  "uri": "https://example.com",
                }
              }
              style={
                Object {
                  "borderRadius": 40,
                  "height": 80,
                  "width": 80,
                }
              }
            />
            <View
              style={
                Object {
                  "flex": 1,
                  "justifyContent": "center",
                  "paddingLeft": 10,
                }
              }
            >
              <Text
                accessibilityRole="header"
                style={
                  Array [
                    Array [
                      Object {
                        "fontSize": 20,
                        "fontWeight": "bold",
                      },
                    ],
                    Object {
                      "color": "rgb(28, 28, 30)",
                    },
                  ]
                }
              >
                Business 2
              </Text>
              <View>
                <RCTScrollView
                  ListFooterComponent={null}
                  data={
                    Array [
                      1,
                      2,
                      3,
                      4,
                      5,
                    ]
                  }
                  getItem={[Function]}
                  getItemCount={[Function]}
                  horizontal={true}
                  keyExtractor={[Function]}
                  onContentSizeChange={[Function]}
                  onLayout={[Function]}
                  onMomentumScrollBegin={[Function]}
                  onMomentumScrollEnd={[Function]}
                  onScroll={[Function]}
                  onScrollBeginDrag={[Function]}
                  onScrollEndDrag={[Function]}
                  removeClippedSubviews={false}
                  renderItem={[Function]}
                  scrollEventThrottle={50}
                  stickyHeaderIndices={Array []}
                  style={
                    Array [
                      Object {
                        "marginVertical": 5,
                      },
                    ]
                  }
                  viewabilityConfigCallbackPairs={Array []}
                >
                  <View>
                    <View
                      onLayout={[Function]}
                      style={
                        Array [
                          Object {
                            "flexDirection": "row",
                          },
                          null,
                        ]
                      }
                    >
                      <View
                        style={
                          Object {
                            "marginRight": 5,
                          }
                        }
                      >
                        <RNSVGSvgView
                          accessibilityRole="image"
                          align="xMidYMid"
                          bbHeight={16}
                          bbWidth={16}
                          fill="#c3f229"
                          focusable={false}
                          height={16}
                          meetOrSlice={0}
                          minX={0}
                          minY={0}
                          style={
                            Array [
                              Object {
                                "backgroundColor": "transparent",
                                "borderWidth": 0,
                              },
                              Object {
                                "flex": 0,
                                "height": 16,
                                "width": 16,
                              },
                            ]
                          }
                          vbHeight={512}
                          vbWidth={576}
                          width={16}
                        >
                          <RNSVGGroup
                            fill={4291031593}
                            propList={
                              Array [
                                "fill",
                              ]
                            }
                          >
                            <RNSVGPath
                              d="M381.2 150.3L524.9 171.5C536.8 173.2 546.8 181.6 550.6 193.1C554.4 204.7 551.3 217.3 542.7 225.9L438.5 328.1L463.1 474.7C465.1 486.7 460.2 498.9 450.2 506C440.3 513.1 427.2 514 416.5 508.3L288.1 439.8L159.8 508.3C149 514 135.9 513.1 126 506C116.1 498.9 111.1 486.7 113.2 474.7L137.8 328.1L33.58 225.9C24.97 217.3 21.91 204.7 25.69 193.1C29.46 181.6 39.43 173.2 51.42 171.5L195 150.3L259.4 17.97C264.7 6.954 275.9-.0391 288.1-.0391C300.4-.0391 311.6 6.954 316.9 17.97L381.2 150.3z"
                            />
                          </RNSVGGroup>
                        </RNSVGSvgView>
                      </View>
                    </View>
                    <View
                      onLayout={[Function]}
                      style={
                        Array [
                          Object {
                            "flexDirection": "row",
                          },
                          null,
                        ]
                      }
                    >
                      <View
                        style={
                          Object {
                            "marginRight": 5,
                          }
                        }
                      >
                        <RNSVGSvgView
                          accessibilityRole="image"
                          align="xMidYMid"
                          bbHeight={16}
                          bbWidth={16}
                          fill="#c3f229"
                          focusable={false}
                          height={16}
                          meetOrSlice={0}
                          minX={0}
                          minY={0}
                          style={
                            Array [
                              Object {
                                "backgroundColor": "transparent",
                                "borderWidth": 0,
                              },
                              Object {
                                "flex": 0,
                                "height": 16,
                                "width": 16,
                              },
                            ]
                          }
                          vbHeight={512}
                          vbWidth={576}
                          width={16}
                        >
                          <RNSVGGroup
                            fill={4291031593}
                            propList={
                              Array [
                                "fill",
                              ]
                            }
                          >
                            <RNSVGPath
                              d="M381.2 150.3L524.9 171.5C536.8 173.2 546.8 181.6 550.6 193.1C554.4 204.7 551.3 217.3 542.7 225.9L438.5 328.1L463.1 474.7C465.1 486.7 460.2 498.9 450.2 506C440.3 513.1 427.2 514 416.5 508.3L288.1 439.8L159.8 508.3C149 514 135.9 513.1 126 506C116.1 498.9 111.1 486.7 113.2 474.7L137.8 328.1L33.58 225.9C24.97 217.3 21.91 204.7 25.69 193.1C29.46 181.6 39.43 173.2 51.42 171.5L195 150.3L259.4 17.97C264.7 6.954 275.9-.0391 288.1-.0391C300.4-.0391 311.6 6.954 316.9 17.97L381.2 150.3z"
                            />
                          </RNSVGGroup>
                        </RNSVGSvgView>
                      </View>
                    </View>
                    <View
                      onLayout={[Function]}
                      style={
                        Array [
                          Object {
                            "flexDirection": "row",
                          },
                          null,
                        ]
                      }
                    >
                      <View
                        style={
                          Object {
                            "marginRight": 5,
                          }
                        }
                      >
                        <RNSVGSvgView
                          accessibilityRole="image"
                          align="xMidYMid"
                          bbHeight={16}
                          bbWidth={16}
                          fill="#c3f229"
                          focusable={false}
                          height={16}
                          meetOrSlice={0}
                          minX={0}
                          minY={0}
                          style={
                            Array [
                              Object {
                                "backgroundColor": "transparent",
                                "borderWidth": 0,
                              },
                              Object {
                                "flex": 0,
                                "height": 16,
                                "width": 16,
                              },
                            ]
                          }
                          vbHeight={512}
                          vbWidth={576}
                          width={16}
                        >
                          <RNSVGGroup
                            fill={4291031593}
                            propList={
                              Array [
                                "fill",
                              ]
                            }
                          >
                            <RNSVGPath
                              d="M381.2 150.3L524.9 171.5C536.8 173.2 546.8 181.6 550.6 193.1C554.4 204.7 551.3 217.3 542.7 225.9L438.5 328.1L463.1 474.7C465.1 486.7 460.2 498.9 450.2 506C440.3 513.1 427.2 514 416.5 508.3L288.1 439.8L159.8 508.3C149 514 135.9 513.1 126 506C116.1 498.9 111.1 486.7 113.2 474.7L137.8 328.1L33.58 225.9C24.97 217.3 21.91 204.7 25.69 193.1C29.46 181.6 39.43 173.2 51.42 171.5L195 150.3L259.4 17.97C264.7 6.954 275.9-.0391 288.1-.0391C300.4-.0391 311.6 6.954 316.9 17.97L381.2 150.3z"
                            />
                          </RNSVGGroup>
                        </RNSVGSvgView>
                      </View>
                    </View>
                    <View
                      onLayout={[Function]}
                      style={
                        Array [
                          Object {
                            "flexDirection": "row",
                          },
                          null,
                        ]
                      }
                    >
                      <View
                        style={
                          Object {
                            "marginRight": 5,
                          }
                        }
                      >
                        <RNSVGSvgView
                          accessibilityRole="image"
                          align="xMidYMid"
                          bbHeight={16}
                          bbWidth={16}
                          fill="#c3f229"
                          focusable={false}
                          height={16}
                          meetOrSlice={0}
                          minX={0}
                          minY={0}
                          style={
                            Array [
                              Object {
                                "backgroundColor": "transparent",
                                "borderWidth": 0,
                              },
                              Object {
                                "flex": 0,
                                "height": 16,
                                "width": 16,
                              },
                            ]
                          }
                          vbHeight={512}
                          vbWidth={576}
                          width={16}
                        >
                          <RNSVGGroup
                            fill={4291031593}
                            propList={
                              Array [
                                "fill",
                              ]
                            }
                          >
                            <RNSVGPath
                              d="M381.2 150.3L524.9 171.5C536.8 173.2 546.8 181.6 550.6 193.1C554.4 204.7 551.3 217.3 542.7 225.9L438.5 328.1L463.1 474.7C465.1 486.7 460.2 498.9 450.2 506C440.3 513.1 427.2 514 416.5 508.3L288.1 439.8L159.8 508.3C149 514 135.9 513.1 126 506C116.1 498.9 111.1 486.7 113.2 474.7L137.8 328.1L33.58 225.9C24.97 217.3 21.91 204.7 25.69 193.1C29.46 181.6 39.43 173.2 51.42 171.5L195 150.3L259.4 17.97C264.7 6.954 275.9-.0391 288.1-.0391C300.4-.0391 311.6 6.954 316.9 17.97L381.2 150.3z"
                            />
                          </RNSVGGroup>
                        </RNSVGSvgView>
                      </View>
                    </View>
                    <View
                      onLayout={[Function]}
                      style={
                        Array [
                          Object {
                            "flexDirection": "row",
                          },
                          null,
                        ]
                      }
                    >
                      <View
                        style={
                          Object {
                            "marginRight": 5,
                          }
                        }
                      >
                        <RNSVGSvgView
                          accessibilityRole="image"
                          align="xMidYMid"
                          bbHeight={16}
                          bbWidth={16}
                          fill="#c3f229"
                          focusable={false}
                          height={16}
                          meetOrSlice={0}
                          minX={0}
                          minY={0}
                          style={
                            Array [
                              Object {
                                "backgroundColor": "transparent",
                                "borderWidth": 0,
                              },
                              Object {
                                "flex": 0,
                                "height": 16,
                                "width": 16,
                              },
                            ]
                          }
                          vbHeight={512}
                          vbWidth={576}
                          width={16}
                        >
                          <RNSVGGroup
                            fill={4291031593}
                            propList={
                              Array [
                                "fill",
                              ]
                            }
                          >
                            <RNSVGPath
                              d="M463.1 474.7C465.1 486.7 460.2 498.9 450.2 506C440.3 513.1 427.2 514 416.5 508.3L288.1 439.8L159.8 508.3C149 514 135.9 513.1 126 506C116.1 498.9 111.1 486.7 113.2 474.7L137.8 328.1L33.58 225.9C24.97 217.3 21.91 204.7 25.69 193.1C29.46 181.6 39.43 173.2 51.42 171.5L195 150.3L259.4 17.97C264.7 6.954 275.9-.0391 288.1-.0391C300.4-.0391 311.6 6.954 316.9 17.97L381.2 150.3L524.9 171.5C536.8 173.2 546.8 181.6 550.6 193.1C554.4 204.7 551.3 217.3 542.7 225.9L438.5 328.1L463.1 474.7zM288 376.4L288.1 376.3L399.7 435.9L378.4 309.6L469.2 219.8L343.8 201.4L288.1 86.85L288 87.14V376.4z"
                            />
                          </RNSVGGroup>
                        </RNSVGSvgView>
                      </View>
                    </View>
                  </View>
                </RCTScrollView>
              </View>
              <Text
                accessibilityRole="text"
                color="#ba8f02"
                darkModeColor="rgb(200, 200, 200)"
                style={
                  Array [
                    Object {
                      "fontSize": 14,
                    },
                    Object {
                      "color": "#ba8f02",
                    },
                  ]
                }
              >
                $$
              </Text>
            </View>
          </View>
        </View>
      </View>
    </View>
  </RCTScrollView>
</RCTSafeAreaView>
`;
