// Jest Snapshot v1, https://goo.gl/fbAQLP

exports[`ImageCarousel renders ImageCarousel 1`] = `
<RCTScrollView
  accessibilityRole="list"
  bounces={false}
  data={
    Array [
      "image-1",
      "image-2",
      "image-3",
    ]
  }
  getItem={[Function]}
  getItemCount={[Function]}
  horizontal={true}
  keyExtractor={[Function]}
  onContentSizeChange={[Function]}
  onLayout={[Function]}
  onMomentumScrollBegin={[Function]}
  onMomentumScrollEnd={[Function]}
  onScroll={[Function]}
  onScrollBeginDrag={[Function]}
  onScrollEndDrag={[Function]}
  pagingEnabled={true}
  removeClippedSubviews={false}
  renderItem={[Function]}
  scrollEventThrottle={50}
  showsHorizontalScrollIndicator={false}
  stickyHeaderIndices={Array []}
  style={
    Array [
      Object {
        "height": 250,
        "overflow": "hidden",
      },
    ]
  }
  viewabilityConfigCallbackPairs={Array []}
>
  <View>
    <View
      onLayout={[Function]}
      style={
        Array [
          Object {
            "flexDirection": "row",
          },
          null,
        ]
      }
    >
      <Image
        accessibilityRole="image"
        source={
          Object {
            "uri": "image-1",
          }
        }
        style={
          Object {
            "width": 120,
          }
        }
      />
    </View>
    <View
      onLayout={[Function]}
      style={
        Array [
          Object {
            "flexDirection": "row",
          },
          null,
        ]
      }
    >
      <Image
        accessibilityRole="image"
        source={
          Object {
            "uri": "image-2",
          }
        }
        style={
          Object {
            "width": 120,
          }
        }
      />
    </View>
    <View
      onLayout={[Function]}
      style={
        Array [
          Object {
            "flexDirection": "row",
          },
          null,
        ]
      }
    >
      <Image
        accessibilityRole="image"
        source={
          Object {
            "uri": "image-3",
          }
        }
        style={
          Object {
            "width": 120,
          }
        }
      />
    </View>
  </View>
</RCTScrollView>
`;
